2026-05-03 20:34:22,006 | INFO | EXTRACT | AAPL | 251 rows
2026-05-03 20:34:22,599 | INFO | EXTRACT | GOOGL | 251 rows
2026-05-03 20:34:23,153 | INFO | EXTRACT | TSLA | 251 rows
2026-05-03 20:34:23,833 | INFO | EXTRACT | MSFT | 251 rows
2026-05-03 20:34:24,511 | INFO | EXTRACT | AMZN | 251 rows
2026-05-03 20:34:24,521 | INFO | VALIDATE | PASSED
2026-05-03 20:34:26,552 | INFO | TRANSFORM | 1255 rows | 20 cols
2026-05-03 20:34:26,849 | INFO | LOAD | 1255 rows → stock_facts
2026-05-03 20:34:27,221 | INFO | Chromium init'ed with kwargs {}
2026-05-03 20:34:27,222 | INFO | Found chromium path: /usr/bin/google-chrome
2026-05-03 20:34:27,223 | INFO | Temp directory created: /tmp/tmpvl9gy27p.
2026-05-03 20:34:27,223 | INFO | Opening browser.
2026-05-03 20:34:27,223 | INFO | Temp directory created: /tmp/tmpnkv7pl88.
2026-05-03 20:34:27,223 | INFO | Temporary directory at: /tmp/tmpnkv7pl88
2026-05-03 20:34:27,866 | INFO | Conforming 1 to file:///tmp/tmpvl9gy27p/index.html
2026-05-03 20:34:27,866 | INFO | Waiting on all navigates
2026-05-03 20:34:28,872 | INFO | All navigates done, putting them all in queue.
2026-05-03 20:34:28,974 | INFO | Getting tab from queue (has 1)
2026-05-03 20:34:28,974 | INFO | Got E8F4
2026-05-03 20:34:28,974 | INFO | Processing b_STOCK_MARKET_ETL_PIPELINE__ANALYTICS_DASHBOARDb.png
2026-05-03 20:34:28,974 | INFO | Sending big command for b_STOCK_MARKET_ETL_PIPELINE__ANALYTICS_DASHBOARDb.png.
2026-05-03 20:34:29,427 | INFO | Sent big command for b_STOCK_MARKET_ETL_PIPELINE__ANALYTICS_DASHBOARDb.png.
2026-05-03 20:34:29,431 | INFO | Reloading tab E8F4 before return.
2026-05-03 20:34:29,524 | INFO | Putting tab E8F4 back (queue size: 0).
2026-05-03 20:34:29,524 | INFO | Waiting for all cleanups to finish.
2026-05-03 20:34:29,525 | INFO | Exiting Kaleido
2026-05-03 20:34:29,525 | INFO | Closing browser.
2026-05-03 20:34:29,526 | INFO | Closing browser.
2026-05-03 20:34:29,526 | INFO | TemporaryDirectory.cleanup() worked.
2026-05-03 20:34:29,526 | INFO | shutil.rmtree worked.
2026-05-03 20:34:29,526 | INFO | Cancelling tasks.
2026-05-03 20:34:29,526 | INFO | Exiting Kaleido/Choreo
2026-05-03 20:34:29,643 | INFO | TemporaryDirectory.cleanup() worked.
2026-05-03 20:34:29,643 | INFO | shutil.rmtree worked.
2026-05-03 20:34:29,644 | INFO | TemporaryDirectory.cleanup() worked.
2026-05-03 20:34:29,644 | INFO | shutil.rmtree worked.
2026-05-03 20:34:29,644 | INFO | Cancelling tasks.
2026-05-03 20:34:29,644 | INFO | Exiting Kaleido/Choreo
2026-05-03 20:34:29,685 | INFO | TemporaryDirectory.cleanup() worked.
2026-05-03 20:34:29,686 | INFO | shutil.rmtree worked.
2026-07-06 18:51:28,662 | INFO | Received command c on object id p0
2026-07-06 18:51:30,428 | INFO | EXTRACT | AAPL | 627 rows
2026-07-06 18:51:30,907 | INFO | EXTRACT | GOOGL | 627 rows
2026-07-06 18:51:31,407 | INFO | EXTRACT | TSLA | 627 rows
2026-07-06 18:51:31,984 | INFO | EXTRACT | MSFT | 627 rows
2026-07-06 18:51:32,457 | INFO | EXTRACT | AMZN | 627 rows
2026-07-06 18:51:32,474 | INFO | VALIDATE | PASSED
2026-07-06 18:51:34,532 | INFO | TRANSFORM | 3135 rows | 20 cols
2026-07-06 18:51:56,665 | INFO | LOAD | 3135 rows → Delta Table stock_facts
2026-07-06 18:52:30,970 | INFO | Python Server ready to receive messages
2026-07-06 18:52:30,971 | INFO | Received command c on object id p0
2026-07-06 18:59:56,056 | INFO | Python Server ready to receive messages
2026-07-06 18:59:56,057 | INFO | Received command c on object id p0
2026-07-06 19:00:35,135 | INFO | Received command c on object id p0
2026-07-06 19:01:05,207 | INFO | Received command c on object id p0
2026-07-06 19:01:24,234 | INFO | Received command c on object id p0
2026-07-06 19:01:50,224 | INFO | Received command c on object id p0
2026-07-06 19:01:51,981 | INFO | Received command c on object id p0
2026-07-06 19:01:52,287 | INFO | Received command c on object id p0
2026-07-06 19:01:52,689 | INFO | EXTRACT | AAPL | 627 rows
2026-07-06 19:01:53,014 | INFO | EXTRACT | GOOGL | 627 rows
2026-07-06 19:01:53,339 | INFO | EXTRACT | TSLA | 627 rows
2026-07-06 19:01:53,664 | INFO | EXTRACT | MSFT | 627 rows
2026-07-06 19:01:53,982 | INFO | EXTRACT | AMZN | 627 rows
2026-07-06 19:01:53,998 | INFO | VALIDATE | PASSED
2026-07-06 19:01:56,053 | INFO | TRANSFORM | 3135 rows | 20 cols
2026-07-06 19:02:27,637 | INFO | LOAD | 3135 rows → Delta Table stock_facts
2026-07-06 19:02:30,309 | INFO | Received command c on object id p0
2026-07-06 19:02:32,014 | INFO | Received command c on object id p0
